Launching lib\main.dart on Chrome in debug mode...
Waiting for connection from debug service on Chrome...          
flutter : lib/ui/pages/pe
rson_details_page.dart:31
6:22: Error: The 
argument type 
'File/*1*/' can't be 
assigned to the 
parameter type 
'File/*2*/'.
At line:1 char:1
+ flutter run -d chrome 
--no-pub > 
build_output.txt 2>&1
+ ~~~~~~~~~~~~~~~~~~~~~~~
~~~~~~~~~~~~~~~~~~~~~~~~~
~~~~~~
    + CategoryInfo       
       : NotSpecified:   
  (lib/ui/pages/pe...p   
 e 'File/*2*/'.:Strin    
g) [], RemoteExcepti    
on
    + FullyQualifiedErro 
   rId : NativeCommandE  
  rror
 
 - 'File/*1*/' is from 
'dart:io'.
 - 'File/*2*/' is from 'p
ackage:extended_image_lib
rary/src/_platform_web.da
rt' ('../../../../AppData
/Local/Pub/Cache/hosted/p
ub.dev/extended_image_lib
rary-5.0.1/lib/src/_platf
orm_web.dart').
                file as 
io.File, 
                     ^
Waiting for connection from debug service on Chrome...             67.6s
Failed to compile 
application.
